Archive member included because of file (symbol)

c:/stm32toolchain/gnu-arm/4.8-2014q3/bin/../lib/gcc/arm-none-eabi/4.8.4/../../../../arm-none-eabi/lib/armv7-m\libg_s.a(lib_a-errno.o)
                              ./system/src/newlib/_sbrk.o (__errno)
c:/stm32toolchain/gnu-arm/4.8-2014q3/bin/../lib/gcc/arm-none-eabi/4.8.4/../../../../arm-none-eabi/lib/armv7-m\libg_s.a(lib_a-impure.o)
                              c:/stm32toolchain/gnu-arm/4.8-2014q3/bin/../lib/gcc/arm-none-eabi/4.8.4/../../../../arm-none-eabi/lib/armv7-m\libg_s.a(lib_a-errno.o) (_impure_ptr)
c:/stm32toolchain/gnu-arm/4.8-2014q3/bin/../lib/gcc/arm-none-eabi/4.8.4/../../../../arm-none-eabi/lib/armv7-m\libg_s.a(lib_a-strlen.o)
                              ./system/src/diag/Trace.o (strlen)
c:/stm32toolchain/gnu-arm/4.8-2014q3/bin/../lib/gcc/arm-none-eabi/4.8.4/../../../../arm-none-eabi/lib/armv7-m\libg_s.a(lib_a-vsnprintf.o)
                              ./system/src/diag/Trace.o (vsnprintf)
c:/stm32toolchain/gnu-arm/4.8-2014q3/bin/../lib/gcc/arm-none-eabi/4.8.4/../../../../arm-none-eabi/lib/armv7-m\libg_s.a(lib_a-svfprintf.o)
                              c:/stm32toolchain/gnu-arm/4.8-2014q3/bin/../lib/gcc/arm-none-eabi/4.8.4/../../../../arm-none-eabi/lib/armv7-m\libg_s.a(lib_a-vsnprintf.o) (_svfprintf_r)
c:/stm32toolchain/gnu-arm/4.8-2014q3/bin/../lib/gcc/arm-none-eabi/4.8.4/../../../../arm-none-eabi/lib/armv7-m\libg_s.a(lib_a-vfprintf_i.o)
                              c:/stm32toolchain/gnu-arm/4.8-2014q3/bin/../lib/gcc/arm-none-eabi/4.8.4/../../../../arm-none-eabi/lib/armv7-m\libg_s.a(lib_a-svfprintf.o) (_printf_i)
c:/stm32toolchain/gnu-arm/4.8-2014q3/bin/../lib/gcc/arm-none-eabi/4.8.4/../../../../arm-none-eabi/lib/armv7-m\libg_s.a(lib_a-memchr-stub.o)
                              c:/stm32toolchain/gnu-arm/4.8-2014q3/bin/../lib/gcc/arm-none-eabi/4.8.4/../../../../arm-none-eabi/lib/armv7-m\libg_s.a(lib_a-svfprintf.o) (memchr)
c:/stm32toolchain/gnu-arm/4.8-2014q3/bin/../lib/gcc/arm-none-eabi/4.8.4/../../../../arm-none-eabi/lib/armv7-m\libg_s.a(lib_a-memcpy-stub.o)
                              c:/stm32toolchain/gnu-arm/4.8-2014q3/bin/../lib/gcc/arm-none-eabi/4.8.4/../../../../arm-none-eabi/lib/armv7-m\libg_s.a(lib_a-svfprintf.o) (memcpy)
c:/stm32toolchain/gnu-arm/4.8-2014q3/bin/../lib/gcc/arm-none-eabi/4.8.4/../../../../arm-none-eabi/lib/armv7-m\libg_s.a(lib_a-memmove.o)
                              c:/stm32toolchain/gnu-arm/4.8-2014q3/bin/../lib/gcc/arm-none-eabi/4.8.4/../../../../arm-none-eabi/lib/armv7-m\libg_s.a(lib_a-svfprintf.o) (memmove)
c:/stm32toolchain/gnu-arm/4.8-2014q3/bin/../lib/gcc/arm-none-eabi/4.8.4/../../../../arm-none-eabi/lib/armv7-m\libg_s.a(lib_a-nano-freer.o)
                              c:/stm32toolchain/gnu-arm/4.8-2014q3/bin/../lib/gcc/arm-none-eabi/4.8.4/../../../../arm-none-eabi/lib/armv7-m\libg_s.a(lib_a-svfprintf.o) (_free_r)
c:/stm32toolchain/gnu-arm/4.8-2014q3/bin/../lib/gcc/arm-none-eabi/4.8.4/../../../../arm-none-eabi/lib/armv7-m\libg_s.a(lib_a-nano-mallocr.o)
                              c:/stm32toolchain/gnu-arm/4.8-2014q3/bin/../lib/gcc/arm-none-eabi/4.8.4/../../../../arm-none-eabi/lib/armv7-m\libg_s.a(lib_a-svfprintf.o) (_malloc_r)
c:/stm32toolchain/gnu-arm/4.8-2014q3/bin/../lib/gcc/arm-none-eabi/4.8.4/../../../../arm-none-eabi/lib/armv7-m\libg_s.a(lib_a-nano-reallocr.o)
                              c:/stm32toolchain/gnu-arm/4.8-2014q3/bin/../lib/gcc/arm-none-eabi/4.8.4/../../../../arm-none-eabi/lib/armv7-m\libg_s.a(lib_a-svfprintf.o) (_realloc_r)
c:/stm32toolchain/gnu-arm/4.8-2014q3/bin/../lib/gcc/arm-none-eabi/4.8.4/../../../../arm-none-eabi/lib/armv7-m\libg_s.a(lib_a-sbrkr.o)
                              c:/stm32toolchain/gnu-arm/4.8-2014q3/bin/../lib/gcc/arm-none-eabi/4.8.4/../../../../arm-none-eabi/lib/armv7-m\libg_s.a(lib_a-nano-mallocr.o) (_sbrk_r)
c:/stm32toolchain/gnu-arm/4.8-2014q3/bin/../lib/gcc/arm-none-eabi/4.8.4/../../../../arm-none-eabi/lib/armv7-m\libg_s.a(lib_a-nano-msizer.o)
                              c:/stm32toolchain/gnu-arm/4.8-2014q3/bin/../lib/gcc/arm-none-eabi/4.8.4/../../../../arm-none-eabi/lib/armv7-m\libg_s.a(lib_a-nano-reallocr.o) (_malloc_usable_size_r)

Allocating common symbols
Common symbol       size              file

errno               0x4               ./system/src/newlib/_syscalls.o

Discarded input sections

 .group         0x00000000        0x8 ./system/src/stm32f1-stdperiph/misc.o
 .group         0x00000000        0x8 ./system/src/stm32f1-stdperiph/misc.o
 .group         0x00000000        0x8 ./system/src/stm32f1-stdperiph/misc.o
 .group         0x00000000        0x8 ./system/src/stm32f1-stdperiph/misc.o
 .group         0x00000000        0x8 ./system/src/stm32f1-stdperiph/misc.o
 .group         0x00000000        0x8 ./system/src/stm32f1-stdperiph/misc.o
 .group         0x00000000        0x8 ./system/src/stm32f1-stdperiph/misc.o
 .group         0x00000000        0x8 ./system/src/stm32f1-stdperiph/misc.o
[...]
Memory Configuration

Name             Origin             Length             Attributes
RAM              0x20000000         0x00005000         xrw
CCMRAM           0x00000000         0x00000000         xrw
FLASH            0x08000000         0x00020000         xr
FLASHB1          0x00000000         0x00000000         xr
EXTMEMB0         0x00000000         0x00000000         xr
EXTMEMB1         0x00000000         0x00000000         xr
EXTMEMB2         0x00000000         0x00000000         xr
EXTMEMB3         0x00000000         0x00000000         xr
MEMORY_ARRAY     0x00000000         0x00000000         xrw
*default*        0x00000000         0xffffffff

Linker script and memory map

LOAD ./system/src/stm32f1-stdperiph/misc.o
LOAD ./system/src/stm32f1-stdperiph/stm32f10x_gpio.o
LOAD ./system/src/stm32f1-stdperiph/stm32f10x_rcc.o
LOAD ./system/src/newlib/_cxx.o
LOAD ./system/src/newlib/_exit.o
LOAD ./system/src/newlib/_sbrk.o
LOAD ./system/src/newlib/_startup.o
LOAD ./system/src/newlib/_syscalls.o
LOAD ./system/src/newlib/assert.o
LOAD ./system/src/diag/Trace.o
LOAD ./system/src/diag/trace_impl.o
LOAD ./system/src/cortexm/_initialize_hardware.o
LOAD ./system/src/cortexm/_reset_hardware.o
LOAD ./system/src/cortexm/exception_handlers.o
LOAD ./system/src/cmsis/system_stm32f10x.o
LOAD ./system/src/cmsis/vectors_stm32f10x.o
LOAD ./src/Application/BlinkLed.o
LOAD ./src/Application/Timer.o
LOAD ./src/Application.o
LOAD ./src/_write.o
LOAD ./src/main.o
LOAD c:/stm32toolchain/gnu-arm/4.8-2014q3/bin/../lib/gcc/arm-none-eabi/4.8.4/../../../../arm-none-eabi/lib/armv7-m\libstdc++_s.a
LOAD c:/stm32toolchain/gnu-arm/4.8-2014q3/bin/../lib/gcc/arm-none-eabi/4.8.4/../../../../arm-none-eabi/lib/armv7-m\libm.a
START GROUP
LOAD c:/stm32toolchain/gnu-arm/4.8-2014q3/bin/../lib/gcc/arm-none-eabi/4.8.4/armv7-m\libgcc.a
LOAD c:/stm32toolchain/gnu-arm/4.8-2014q3/bin/../lib/gcc/arm-none-eabi/4.8.4/../../../../arm-none-eabi/lib/armv7-m\libg_s.a
LOAD c:/stm32toolchain/gnu-arm/4.8-2014q3/bin/../lib/gcc/arm-none-eabi/4.8.4/../../../../arm-none-eabi/lib/armv7-m\libc_s.a
END GROUP
START GROUP
LOAD c:/stm32toolchain/gnu-arm/4.8-2014q3/bin/../lib/gcc/arm-none-eabi/4.8.4/armv7-m\libgcc.a
LOAD c:/stm32toolchain/gnu-arm/4.8-2014q3/bin/../lib/gcc/arm-none-eabi/4.8.4/../../../../arm-none-eabi/lib/armv7-m\libc_s.a
END GROUP
                0x20005000                __stack = (ORIGIN (RAM) + 0x5000)
                0x20005000                _estack = __stack
                0x00000400                __Main_Stack_Size = 0x400
                0x00000400                PROVIDE (_Main_Stack_Size, __Main_Stack_Size)
                0x20004c00                __Main_Stack_Limit = (__stack - __Main_Stack_Size)
                0x20004c00                PROVIDE (_Main_Stack_Limit, __Main_Stack_Limit)
                0x00000100                _Minimum_Stack_Size = 0x100
                0x20000128                PROVIDE (_Heap_Begin, _end_noinit)
                0x20004c00                PROVIDE (_Heap_Limit, (__stack - __Main_Stack_Size))

.isr_vector     0x08000000      0x350
 FILL mask 0xff
                0x08000000                __vectors_start = ABSOLUTE (.)
                0x08000000                __vectors_start__ = ABSOLUTE (.)
 *(.isr_vector)
 .isr_vector    0x08000000      0x10c ./system/src/cmsis/vectors_stm32f10x.o
                0x08000000                __isr_vectors
 *(.cfmconfig)
 *(.after_vectors .after_vectors.*)
 .after_vectors
                0x0800010c      0x114 ./system/src/newlib/_startup.o
                0x0800010c                _start
 .after_vectors
                0x08000220      0x12c ./system/src/cortexm/exception_handlers.o
                0x08000220                Reset_Handler
                0x08000228                NMI_Handler
                0x0800022c                HardFault_Handler
                0x08000240                HardFault_Handler_C
                0x0800029c                MemManage_Handler
                0x080002a0                BusFault_Handler
                0x080002b4                BusFault_Handler_C
                0x080002e8                UsageFault_Handler
                0x080002fc                UsageFault_Handler_C
                0x08000330                SVC_Handler
                0x08000334                DebugMon_Handler
                0x08000338                PendSV_Handler
 .after_vectors
                0x0800034c        0x4 ./system/src/cmsis/vectors_stm32f10x.o
                0x0800034c                EXTI2_IRQHandler
                0x0800034c                TIM8_TRG_COM_IRQHandler
                0x0800034c                TIM8_CC_IRQHandler
                0x0800034c                TIM1_CC_IRQHandler
                0x0800034c                TIM6_IRQHandler
                0x0800034c                PVD_IRQHandler
                0x0800034c                SDIO_IRQHandler
                0x0800034c                CAN2_RX1_IRQHandler
                0x0800034c                EXTI3_IRQHandler
                0x0800034c                TIM8_TRG_COM_TIM14_IRQHandler
                0x0800034c                TIM1_UP_TIM10_IRQHandler
                0x0800034c                TIM8_UP_TIM13_IRQHandler
                0x0800034c                EXTI0_IRQHandler
                0x0800034c                I2C2_EV_IRQHandler
                0x0800034c                CAN1_RX0_IRQHandler
                0x0800034c                TIM1_UP_TIM16_IRQHandler
                0x0800034c                CAN2_SCE_IRQHandler
                0x0800034c                ADC1_2_IRQHandler
                0x0800034c                SPI1_IRQHandler
                0x0800034c                TAMPER_IRQHandler
                0x0800034c                TIM6_DAC_IRQHandler
                0x0800034c                TIM1_BRK_TIM9_IRQHandler
                0x0800034c                CAN2_RX0_IRQHandler
                0x0800034c                TIM8_UP_IRQHandler
                0x0800034c                DMA2_Channel2_IRQHandler
                0x0800034c                DMA1_Channel4_IRQHandler
                0x0800034c                USART3_IRQHandler
                0x0800034c                RTC_IRQHandler
                0x0800034c                DMA1_Channel7_IRQHandler
                0x0800034c                CAN1_RX1_IRQHandler
                0x0800034c                UART5_IRQHandler
                0x0800034c                ADC3_IRQHandler
                0x0800034c                TIM4_IRQHandler
                0x0800034c                DMA2_Channel1_IRQHandler
                0x0800034c                I2C1_EV_IRQHandler
                0x0800034c                DMA1_Channel6_IRQHandler
                0x0800034c                UART4_IRQHandler
                0x0800034c                DMA2_Channel4_IRQHandler
                0x0800034c                TIM3_IRQHandler
                0x0800034c                RCC_IRQHandler
                0x0800034c                TIM8_BRK_TIM12_IRQHandler
                0x0800034c                TIM1_TRG_COM_IRQHandler
                0x0800034c                DMA1_Channel1_IRQHandler
                0x0800034c                Default_Handler
                0x0800034c                CEC_IRQHandler
                0x0800034c                EXTI15_10_IRQHandler
                0x0800034c                TIM14_IRQHandler
                0x0800034c                TIM13_IRQHandler
                0x0800034c                TIM12_IRQHandler
                0x0800034c                TIM7_IRQHandler
                0x0800034c                CAN2_TX_IRQHandler
                0x0800034c                TIM5_IRQHandler
                0x0800034c                EXTI9_5_IRQHandler
                0x0800034c                ETH_WKUP_IRQHandler
                0x0800034c                SPI2_IRQHandler
                0x0800034c                CAN1_TX_IRQHandler
                0x0800034c                DMA2_Channel5_IRQHandler
                0x0800034c                DMA1_Channel5_IRQHandler
                0x0800034c                EXTI4_IRQHandler
                0x0800034c                USB_LP_CAN1_RX0_IRQHandler
                0x0800034c                TIM1_TRG_COM_TIM17_IRQHandler
                0x0800034c                USB_HP_CAN1_TX_IRQHandler
                0x0800034c                DMA1_Channel3_IRQHandler
                0x0800034c                FSMC_IRQHandler
                0x0800034c                ETH_IRQHandler
                0x0800034c                TIM1_UP_IRQHandler
                0x0800034c                WWDG_IRQHandler
                0x0800034c                TIM2_IRQHandler
                0x0800034c                OTG_FS_WKUP_IRQHandler
                0x0800034c                TIM1_TRG_COM_TIM11_IRQHandler
                0x0800034c                TIM1_BRK_IRQHandler
                0x0800034c                EXTI1_IRQHandler
                0x0800034c                RTCAlarm_IRQHandler
                0x0800034c                DMA2_Channel4_5_IRQHandler
                0x0800034c                USART2_IRQHandler
                0x0800034c                I2C2_ER_IRQHandler
                0x0800034c                DMA1_Channel2_IRQHandler
                0x0800034c                TIM8_BRK_IRQHandler
                0x0800034c                CAN1_SCE_IRQHandler
                0x0800034c                FLASH_IRQHandler
                0x0800034c                USART1_IRQHandler
                0x0800034c                OTG_FS_IRQHandler
                0x0800034c                SPI3_IRQHandler
                0x0800034c                I2C1_ER_IRQHandler
                0x0800034c                USBWakeUp_IRQHandler
                0x0800034c                DMA2_Channel3_IRQHandler
                0x0800034c                TIM1_BRK_TIM15_IRQHandler

.inits          0x08000350       0x28
                0x08000350                __data_regions_array_start = .
                0x08000350        0x4 LONG 0x80015e8 LOADADDR (.data)
                0x08000354        0x4 LONG 0x20000000 ADDR (.data)
                0x08000358        0x4 LONG 0x20000088 (ADDR (.data) + SIZEOF (.data))
                0x0800035c        0x4 LONG 0x80015e8 LOADADDR (.data_CCMRAM)
                0x08000360        0x4 LONG 0x0 ADDR (.data_CCMRAM)
                0x08000364        0x4 LONG 0x0 (ADDR (.data_CCMRAM) + SIZEOF (.data_CCMRAM))
                0x08000368                __data_regions_array_end = .
                0x08000368                __bss_regions_array_start = .
                0x08000368        0x4 LONG 0x20000088 ADDR (.bss)
                0x0800036c        0x4 LONG 0x20000128 (ADDR (.bss) + SIZEOF (.bss))
                0x08000370        0x4 LONG 0x0 ADDR (.bss_CCMRAM)
                0x08000374        0x4 LONG 0x0 (ADDR (.bss_CCMRAM) + SIZEOF (.bss_CCMRAM))
                0x08000378                __bss_regions_array_end = .
 *(.init)
 *(.fini)
                0x08000378                . = ALIGN (0x4)
                0x08000378                PROVIDE (__preinit_array_start, .)
 *(.preinit_array_sysinit .preinit_array_sysinit.*)
 *(.preinit_array_platform .preinit_array_platform.*)
 *(.preinit_array .preinit_array.*)
                0x08000378                PROVIDE (__preinit_array_end, .)
                0x08000378                . = ALIGN (0x4)
                0x08000378                PROVIDE (__init_array_start, .)
 *(SORT(.init_array.*))
 *(.init_array)
                0x08000378                PROVIDE (__init_array_end, .)
                0x08000378                . = ALIGN (0x4)
                0x08000378                PROVIDE (__fini_array_start, .)
 *(SORT(.fini_array.*))
 *(.fini_array)
                0x08000378                PROVIDE (__fini_array_end, .)

.flashtext
 *(.flashtext .flashtext.*)

.text           0x08000378     0x126d
 *(.text .text.*)
 .text.GPIO_Init
                0x08000378      0x12c ./system/src/stm32f1-stdperiph/stm32f10x_gpio.o
                0x08000378                GPIO_Init
 .text.GPIO_SetBits
                0x080004a4       0x60 ./system/src/stm32f1-stdperiph/stm32f10x_gpio.o
                0x080004a4                GPIO_SetBits
 .text.GPIO_ResetBits
                0x08000504       0x60 ./system/src/stm32f1-stdperiph/stm32f10x_gpio.o
                0x08000504                GPIO_ResetBits
 .text.RCC_APB2PeriphClockCmd
                0x08000564       0x4c ./system/src/stm32f1-stdperiph/stm32f10x_rcc.o
                0x08000564                RCC_APB2PeriphClockCmd
 .text._exit    0x080005b0        0x4 ./system/src/newlib/_exit.o
                0x080005b0                _exit
 .text.abort    0x080005b4       0x14 ./system/src/newlib/_exit.o
                0x080005b4                abort
 .text._sbrk    0x080005c8       0x44 ./system/src/newlib/_sbrk.o
                0x080005c8                _sbrk
 .text.__initialize_args
                0x0800060c       0x10 ./system/src/newlib/_syscalls.o
                0x0800060c                __initialize_args
 .text.assert_failed
                0x0800061c       0x18 ./system/src/newlib/assert.o
                0x0800061c                assert_failed
 .text.trace_printf
                0x08000634       0x34 ./system/src/diag/Trace.o
                0x08000634                trace_printf
 .text.trace_puts
                0x08000668       0x20 ./system/src/diag/Trace.o
                0x08000668                trace_puts
 .text._trace_write_semihosting_debug
                0x08000688       0x60 ./system/src/diag/trace_impl.o
 .text.trace_write
                0x080006e8        0x8 ./system/src/diag/trace_impl.o
                0x080006e8                trace_write
 .text.__initialize_hardware_early
                0x080006f0       0x18 ./system/src/cortexm/_initialize_hardware.o
                0x080006f0                __initialize_hardware_early
 .text.__initialize_hardware
                0x08000708        0x8 ./system/src/cortexm/_initialize_hardware.o
                0x08000708                __initialize_hardware
 .text.dumpExceptionStack
                0x08000710       0xf0 ./system/src/cortexm/exception_handlers.o
                0x08000710                dumpExceptionStack
 .text.isSemihosting
                0x08000800       0x20 ./system/src/cortexm/exception_handlers.o
                0x08000800                isSemihosting
 .text.SetSysClockTo72
                0x08000820       0xc8 ./system/src/cmsis/system_stm32f10x.o
 .text.SetSysClock
                0x080008e8        0x8 ./system/src/cmsis/system_stm32f10x.o
 .text.SystemInit
                0x080008f0       0x50 ./system/src/cmsis/system_stm32f10x.o
                0x080008f0                SystemInit
 .text.SystemCoreClockUpdate
                0x08000940       0x94 ./system/src/cmsis/system_stm32f10x.o
                0x08000940                SystemCoreClockUpdate
 .text._ZN8BlinkLed7powerUpEv
                0x080009d4       0x38 ./src/Application/BlinkLed.o
                0x080009d4                BlinkLed::powerUp()
 .text._ZN5Timer5sleepEm
                0x08000a0c       0x14 ./src/Application/Timer.o
                0x08000a0c                Timer::sleep(unsigned long)
 .text.SysTick_Handler
                0x08000a20       0x14 ./src/Application/Timer.o
                0x08000a20                SysTick_Handler
 .text._ZN11ApplicationC2Ev
                0x08000a34       0x80 ./src/Application.o
                0x08000a34                Application::Application()
                0x08000a34                Application::Application()
 .text.main     0x08000ab4       0x2c ./src/main.o
                0x08000ab4                main
 .text.__errno  0x08000ae0        0xc c:/stm32toolchain/gnu-arm/4.8-2014q3/bin/../lib/gcc/arm-none-eabi/4.8.4/../../../../arm-none-eabi/lib/armv7-m\libg_s.a(lib_a-errno.o)
                0x08000ae0                __errno
 .text.strlen   0x08000aec       0x10 c:/stm32toolchain/gnu-arm/4.8-2014q3/bin/../lib/gcc/arm-none-eabi/4.8.4/../../../../arm-none-eabi/lib/armv7-m\libg_s.a(lib_a-strlen.o)
                0x08000aec                strlen
 .text._vsnprintf_r
                0x08000afc       0x52 c:/stm32toolchain/gnu-arm/4.8-2014q3/bin/../lib/gcc/arm-none-eabi/4.8.4/../../../../arm-none-eabi/lib/armv7-m\libg_s.a(lib_a-vsnprintf.o)
                0x08000afc                _vsniprintf_r
                0x08000afc                _vsnprintf_r
 *fill*         0x08000b4e        0x2 
 .text.vsnprintf
                0x08000b50       0x20 c:/stm32toolchain/gnu-arm/4.8-2014q3/bin/../lib/gcc/arm-none-eabi/4.8.4/../../../../arm-none-eabi/lib/armv7-m\libg_s.a(lib_a-vsnprintf.o)
                0x08000b50                vsniprintf
                0x08000b50                vsnprintf
 .text.__ssputs_r
                0x08000b70       0xb8 c:/stm32toolchain/gnu-arm/4.8-2014q3/bin/../lib/gcc/arm-none-eabi/4.8.4/../../../../arm-none-eabi/lib/armv7-m\libg_s.a(lib_a-svfprintf.o)
                0x08000b70                __ssputs_r
 .text._svfprintf_r
                0x08000c28      0x1d8 c:/stm32toolchain/gnu-arm/4.8-2014q3/bin/../lib/gcc/arm-none-eabi/4.8.4/../../../../arm-none-eabi/lib/armv7-m\libg_s.a(lib_a-svfprintf.o)
                0x08000c28                _svfiprintf_r
                0x08000c28                _svfprintf_r
 .text._printf_common
                0x08000e00       0xe4 c:/stm32toolchain/gnu-arm/4.8-2014q3/bin/../lib/gcc/arm-none-eabi/4.8.4/../../../../arm-none-eabi/lib/armv7-m\libg_s.a(lib_a-vfprintf_i.o)
                0x08000e00                _printf_common
 .text._printf_i
                0x08000ee4      0x228 c:/stm32toolchain/gnu-arm/4.8-2014q3/bin/../lib/gcc/arm-none-eabi/4.8.4/../../../../arm-none-eabi/lib/armv7-m\libg_s.a(lib_a-vfprintf_i.o)
                0x08000ee4                _printf_i
 .text.memchr   0x0800110c       0x1c c:/stm32toolchain/gnu-arm/4.8-2014q3/bin/../lib/gcc/arm-none-eabi/4.8.4/../../../../arm-none-eabi/lib/armv7-m\libg_s.a(lib_a-memchr-stub.o)
                0x0800110c                memchr
 .text.memcpy   0x08001128       0x12 c:/stm32toolchain/gnu-arm/4.8-2014q3/bin/../lib/gcc/arm-none-eabi/4.8.4/../../../../arm-none-eabi/lib/armv7-m\libg_s.a(lib_a-memcpy-stub.o)
                0x08001128                memcpy
 .text.memmove  0x0800113a       0x36 c:/stm32toolchain/gnu-arm/4.8-2014q3/bin/../lib/gcc/arm-none-eabi/4.8.4/../../../../arm-none-eabi/lib/armv7-m\libg_s.a(lib_a-memmove.o)
                0x0800113a                memmove
 .text._free_r  0x08001170       0x88 c:/stm32toolchain/gnu-arm/4.8-2014q3/bin/../lib/gcc/arm-none-eabi/4.8.4/../../../../arm-none-eabi/lib/armv7-m\libg_s.a(lib_a-nano-freer.o)
                0x08001170                _free_r
 .text._malloc_r
                0x080011f8       0xa8 c:/stm32toolchain/gnu-arm/4.8-2014q3/bin/../lib/gcc/arm-none-eabi/4.8.4/../../../../arm-none-eabi/lib/armv7-m\libg_s.a(lib_a-nano-mallocr.o)
                0x080011f8                _malloc_r
 .text._realloc_r
                0x080012a0       0x4c c:/stm32toolchain/gnu-arm/4.8-2014q3/bin/../lib/gcc/arm-none-eabi/4.8.4/../../../../arm-none-eabi/lib/armv7-m\libg_s.a(lib_a-nano-reallocr.o)
                0x080012a0                _realloc_r
 .text._sbrk_r  0x080012ec       0x20 c:/stm32toolchain/gnu-arm/4.8-2014q3/bin/../lib/gcc/arm-none-eabi/4.8.4/../../../../arm-none-eabi/lib/armv7-m\libg_s.a(lib_a-sbrkr.o)
                0x080012ec                _sbrk_r
 .text._malloc_usable_size_r
                0x0800130c       0x12 c:/stm32toolchain/gnu-arm/4.8-2014q3/bin/../lib/gcc/arm-none-eabi/4.8.4/../../../../arm-none-eabi/lib/armv7-m\libg_s.a(lib_a-nano-msizer.o)
                0x0800130c                _malloc_usable_size_r
 *(.rodata .rodata.* .constdata .constdata.*)
 *fill*         0x0800131e        0x2 
 .rodata.str1.4
                0x08001320       0x31 ./system/src/stm32f1-stdperiph/stm32f10x_gpio.o
                                 0x34 (size before relaxing)
 *fill*         0x08001351        0x3 
 .rodata.str1.4
                0x08001354       0x30 ./system/src/stm32f1-stdperiph/stm32f10x_rcc.o
 .rodata.str1.4
                0x08001384       0x14 ./system/src/newlib/_exit.o
 .rodata.str1.4
                0x08001398       0x6b ./system/src/newlib/assert.o
                                 0x70 (size before relaxing)
 *fill*         0x08001403        0x1 
 .rodata.str1.4
                0x08001404       0x29 ./system/src/diag/Trace.o
                                 0x30 (size before relaxing)
 *fill*         0x0800142d        0x3 
 .rodata.str1.4
                0x08001430      0x146 ./system/src/cortexm/exception_handlers.o
                                0x148 (size before relaxing)
 *fill*         0x08001576        0x2 
 .rodata.str1.4
                0x08001578        0xb ./src/Application.o
                                  0xc (size before relaxing)
 *fill*         0x08001583        0x1 
 .rodata.str1.4
                0x08001584       0x2c ./src/main.o
 .rodata.str1.1
                0x080015b0        0x2 c:/stm32toolchain/gnu-arm/4.8-2014q3/bin/../lib/gcc/arm-none-eabi/4.8.4/../../../../arm-none-eabi/lib/armv7-m\libg_s.a(lib_a-impure.o)
 .rodata.str1.1
                0x080015b2       0x11 c:/stm32toolchain/gnu-arm/4.8-2014q3/bin/../lib/gcc/arm-none-eabi/4.8.4/../../../../arm-none-eabi/lib/armv7-m\libg_s.a(lib_a-svfprintf.o)
 .rodata.str1.1
                0x080015c3       0x22 c:/stm32toolchain/gnu-arm/4.8-2014q3/bin/../lib/gcc/arm-none-eabi/4.8.4/../../../../arm-none-eabi/lib/armv7-m\libg_s.a(lib_a-vfprintf_i.o)
 *(vtable)
 *(.eh_frame*)
 *(.glue_7)
 .glue_7        0x00000000        0x0 linker stubs
 *(.glue_7t)
 .glue_7t       0x00000000        0x0 linker stubs

.vfp11_veneer   0x080015e8        0x0
 .vfp11_veneer  0x00000000        0x0 linker stubs

.v4_bx          0x080015e8        0x0
 .v4_bx         0x00000000        0x0 linker stubs

.iplt           0x080015e8        0x0
 .iplt          0x00000000        0x0 ./system/src/stm32f1-stdperiph/misc.o

.rel.dyn        0x080015e8        0x0
 .rel.iplt      0x00000000        0x0 ./system/src/stm32f1-stdperiph/misc.o

.ARM.extab
 *(.ARM.extab* .gnu.linkonce.armextab.*)
                0x080015e8                . = ALIGN (0x4)
                0x080015e8                __exidx_start = .

.ARM.exidx
 *(.ARM.exidx* .gnu.linkonce.armexidx.*)
                0x080015e8                __exidx_end = .
                0x080015e8                . = ALIGN (0x4)
                0x080015e8                _etext = .
                0x080015e8                __etext = .

.data_CCMRAM    0x00000000        0x0 load address 0x080015e8
 FILL mask 0xff
 *(.data.CCMRAM .data.CCMRAM.*)
                0x00000000                . = ALIGN (0x4)
                0x080015e8                _sidata = LOADADDR (.data)

.data           0x20000000       0x88 load address 0x080015e8
 FILL mask 0xff
                0x20000000                _sdata = .
                0x20000000                __data_start__ = .
 *(.data_begin .data_begin.*)
 .data_begin    0x20000000        0x4 ./system/src/newlib/_startup.o
 *(.data .data.*)
 .data.argv.4015
                0x20000004        0x8 ./system/src/newlib/_syscalls.o
 .data.AHBPrescTable
                0x2000000c       0x10 ./system/src/cmsis/system_stm32f10x.o
                0x2000000c                AHBPrescTable
 .data.SystemCoreClock
                0x2000001c        0x4 ./system/src/cmsis/system_stm32f10x.o
                0x2000001c                SystemCoreClock
 .data.impure_data
                0x20000020       0x60 c:/stm32toolchain/gnu-arm/4.8-2014q3/bin/../lib/gcc/arm-none-eabi/4.8.4/../../../../arm-none-eabi/lib/armv7-m\libg_s.a(lib_a-impure.o)
 .data._impure_ptr
                0x20000080        0x4 c:/stm32toolchain/gnu-arm/4.8-2014q3/bin/../lib/gcc/arm-none-eabi/4.8.4/../../../../arm-none-eabi/lib/armv7-m\libg_s.a(lib_a-impure.o)
                0x20000080                _impure_ptr
 *(.data_end .data_end.*)
 .data_end      0x20000084        0x4 ./system/src/newlib/_startup.o
                0x20000088                . = ALIGN (0x4)
                0x20000088                _edata = .
                0x20000088                __data_end__ = .

.igot.plt       0x20000088        0x0 load address 0x08001670
 .igot.plt      0x00000000        0x0 ./system/src/stm32f1-stdperiph/misc.o

.bss_CCMRAM     0x00000000        0x0
 *(.bss.CCMRAM .bss.CCMRAM.*)

.bss            0x20000088       0xa0
                0x20000088                __bss_start__ = .
                0x20000088                _sbss = .
 *(.bss_begin .bss_begin.*)
 .bss_begin     0x20000088        0x4 ./system/src/newlib/_startup.o
 *(.bss .bss.*)
 .bss.current_heap_end.3842
                0x2000008c        0x4 ./system/src/newlib/_sbrk.o
 .bss.name.4014
                0x20000090        0x4 ./system/src/newlib/_syscalls.o
 .bss.buf.4905  0x20000094       0x80 ./system/src/diag/Trace.o
 .bss._ZN5Timer13ms_delayCountE
                0x20000114        0x4 ./src/Application/Timer.o
                0x20000114                Timer::ms_delayCount
 .bss.__malloc_sbrk_start
                0x20000118        0x4 c:/stm32toolchain/gnu-arm/4.8-2014q3/bin/../lib/gcc/arm-none-eabi/4.8.4/../../../../arm-none-eabi/lib/armv7-m\libg_s.a(lib_a-nano-mallocr.o)
                0x20000118                __malloc_sbrk_start
 .bss.__malloc_free_list
                0x2000011c        0x4 c:/stm32toolchain/gnu-arm/4.8-2014q3/bin/../lib/gcc/arm-none-eabi/4.8.4/../../../../arm-none-eabi/lib/armv7-m\libg_s.a(lib_a-nano-mallocr.o)
                0x2000011c                __malloc_free_list
 *(COMMON)
 COMMON         0x20000120        0x4 ./system/src/newlib/_syscalls.o
                0x20000120                errno
 *(.bss_end .bss_end.*)
 .bss_end       0x20000124        0x4 ./system/src/newlib/_startup.o
                0x20000128                . = ALIGN (0x4)
                0x20000128                __bss_end__ = .
                0x20000128                _ebss = .

.noinit_CCMRAM
 *(.noinit.CCMRAM .noinit.CCMRAM.*)

.noinit         0x20000128        0x0
                0x20000128                _noinit = .
 *(.noinit .noinit.*)
                0x20000128                . = ALIGN (0x4)
                0x20000128                _end_noinit = .
                0x20000128                PROVIDE (end, _end_noinit)
                0x20000128                PROVIDE (_end, _end_noinit)
                0x20000128                PROVIDE (__end, _end_noinit)
                0x20000128                PROVIDE (__end__, _end_noinit)

._check_stack   0x20000128      0x100
                0x20000228                . = (. + _Minimum_Stack_Size)
 *fill*         0x20000128      0x100 

.b1text
 *(.b1text)
 *(.b1rodata)
 *(.b1rodata.*)

.eb0text
 *(.eb0text)
 *(.eb0rodata)
 *(.eb0rodata.*)

.eb1text
 *(.eb1text)
 *(.eb1rodata)
 *(.eb1rodata.*)

.eb2text
 *(.eb2text)
 *(.eb2rodata)
 *(.eb2rodata.*)

.eb3text
 *(.eb3text)
 *(.eb3rodata)
 *(.eb3rodata.*)

.stab
 *(.stab)

.stabstr
 *(.stabstr)

.stab.excl
 *(.stab.excl)

.stab.exclstr
 *(.stab.exclstr)

.stab.index
 *(.stab.index)

.stab.indexstr
 *(.stab.indexstr)

.comment        0x00000000       0x70
 *(.comment)
 .comment       0x00000000       0x70 ./system/src/stm32f1-stdperiph/stm32f10x_gpio.o
                                 0x71 (size before relaxing)
 .comment       0x00000000       0x71 ./system/src/stm32f1-stdperiph/stm32f10x_rcc.o
 .comment       0x00000000       0x71 ./system/src/newlib/_exit.o
 .comment       0x00000000       0x71 ./system/src/newlib/_sbrk.o
 .comment       0x00000000       0x71 ./system/src/newlib/_startup.o
 .comment       0x00000000       0x71 ./system/src/newlib/_syscalls.o
 .comment       0x00000000       0x71 ./system/src/newlib/assert.o
 .comment       0x00000000       0x71 ./system/src/diag/Trace.o
 .comment       0x00000000       0x71 ./system/src/diag/trace_impl.o
 .comment       0x00000000       0x71 ./system/src/cortexm/_initialize_hardware.o
 .comment       0x00000000       0x71 ./system/src/cortexm/exception_handlers.o
 .comment       0x00000000       0x71 ./system/src/cmsis/system_stm32f10x.o
 .comment       0x00000000       0x71 ./system/src/cmsis/vectors_stm32f10x.o
 .comment       0x00000000       0x71 ./src/Application/BlinkLed.o
 .comment       0x00000000       0x71 ./src/Application/Timer.o
 .comment       0x00000000       0x71 ./src/Application.o
 .comment       0x00000000       0x71 ./src/main.o

.ARM.attributes
                0x00000000       0x33
 .ARM.attributes
                0x00000000       0x33 ./system/src/stm32f1-stdperiph/stm32f10x_gpio.o
 .ARM.attributes
                0x00000033       0x33 ./system/src/stm32f1-stdperiph/stm32f10x_rcc.o
 .ARM.attributes
                0x00000066       0x33 ./system/src/newlib/_exit.o
 .ARM.attributes
                0x00000099       0x33 ./system/src/newlib/_sbrk.o
 .ARM.attributes
                0x000000cc       0x33 ./system/src/newlib/_startup.o
 .ARM.attributes
                0x000000ff       0x33 ./system/src/newlib/_syscalls.o
 .ARM.attributes
                0x00000132       0x33 ./system/src/newlib/assert.o
 .ARM.attributes
                0x00000165       0x33 ./system/src/diag/Trace.o
 .ARM.attributes
                0x00000198       0x33 ./system/src/diag/trace_impl.o
 .ARM.attributes
                0x000001cb       0x33 ./system/src/cortexm/_initialize_hardware.o
 .ARM.attributes
                0x000001fe       0x33 ./system/src/cortexm/exception_handlers.o
 .ARM.attributes
                0x00000231       0x33 ./system/src/cmsis/system_stm32f10x.o
 .ARM.attributes
                0x00000264       0x33 ./system/src/cmsis/vectors_stm32f10x.o
 .ARM.attributes
                0x00000297       0x33 ./src/Application/BlinkLed.o
 .ARM.attributes
                0x000002ca       0x33 ./src/Application/Timer.o
 .ARM.attributes
                0x000002fd       0x33 ./src/Application.o
 .ARM.attributes
                0x00000330       0x33 ./src/main.o
 .ARM.attributes
                0x00000363       0x2d c:/stm32toolchain/gnu-arm/4.8-2014q3/bin/../lib/gcc/arm-none-eabi/4.8.4/../../../../arm-none-eabi/lib/armv7-m\libg_s.a(lib_a-errno.o)
 .ARM.attributes
                0x00000390       0x2d c:/stm32toolchain/gnu-arm/4.8-2014q3/bin/../lib/gcc/arm-none-eabi/4.8.4/../../../../arm-none-eabi/lib/armv7-m\libg_s.a(lib_a-impure.o)
 .ARM.attributes
                0x000003bd       0x2d c:/stm32toolchain/gnu-arm/4.8-2014q3/bin/../lib/gcc/arm-none-eabi/4.8.4/../../../../arm-none-eabi/lib/armv7-m\libg_s.a(lib_a-strlen.o)
 .ARM.attributes
                0x000003ea       0x2d c:/stm32toolchain/gnu-arm/4.8-2014q3/bin/../lib/gcc/arm-none-eabi/4.8.4/../../../../arm-none-eabi/lib/armv7-m\libg_s.a(lib_a-vsnprintf.o)
 .ARM.attributes
                0x00000417       0x2d c:/stm32toolchain/gnu-arm/4.8-2014q3/bin/../lib/gcc/arm-none-eabi/4.8.4/../../../../arm-none-eabi/lib/armv7-m\libg_s.a(lib_a-svfprintf.o)
 .ARM.attributes
                0x00000444       0x2d c:/stm32toolchain/gnu-arm/4.8-2014q3/bin/../lib/gcc/arm-none-eabi/4.8.4/../../../../arm-none-eabi/lib/armv7-m\libg_s.a(lib_a-vfprintf_i.o)
 .ARM.attributes
                0x00000471       0x2d c:/stm32toolchain/gnu-arm/4.8-2014q3/bin/../lib/gcc/arm-none-eabi/4.8.4/../../../../arm-none-eabi/lib/armv7-m\libg_s.a(lib_a-memchr-stub.o)
 .ARM.attributes
                0x0000049e       0x2d c:/stm32toolchain/gnu-arm/4.8-2014q3/bin/../lib/gcc/arm-none-eabi/4.8.4/../../../../arm-none-eabi/lib/armv7-m\libg_s.a(lib_a-memcpy-stub.o)
 .ARM.attributes
                0x000004cb       0x2d c:/stm32toolchain/gnu-arm/4.8-2014q3/bin/../lib/gcc/arm-none-eabi/4.8.4/../../../../arm-none-eabi/lib/armv7-m\libg_s.a(lib_a-memmove.o)
 .ARM.attributes
                0x000004f8       0x2d c:/stm32toolchain/gnu-arm/4.8-2014q3/bin/../lib/gcc/arm-none-eabi/4.8.4/../../../../arm-none-eabi/lib/armv7-m\libg_s.a(lib_a-nano-freer.o)
 .ARM.attributes
                0x00000525       0x2d c:/stm32toolchain/gnu-arm/4.8-2014q3/bin/../lib/gcc/arm-none-eabi/4.8.4/../../../../arm-none-eabi/lib/armv7-m\libg_s.a(lib_a-nano-mallocr.o)
 .ARM.attributes
                0x00000552       0x2d c:/stm32toolchain/gnu-arm/4.8-2014q3/bin/../lib/gcc/arm-none-eabi/4.8.4/../../../../arm-none-eabi/lib/armv7-m\libg_s.a(lib_a-nano-reallocr.o)
 .ARM.attributes
                0x0000057f       0x2d c:/stm32toolchain/gnu-arm/4.8-2014q3/bin/../lib/gcc/arm-none-eabi/4.8.4/../../../../arm-none-eabi/lib/armv7-m\libg_s.a(lib_a-sbrkr.o)
 .ARM.attributes
                0x000005ac       0x2d c:/stm32toolchain/gnu-arm/4.8-2014q3/bin/../lib/gcc/arm-none-eabi/4.8.4/../../../../arm-none-eabi/lib/armv7-m\libg_s.a(lib_a-nano-msizer.o)

.debug
 *(.debug)

.line
 *(.line)

.debug_srcinfo
 *(.debug_srcinfo)

.debug_sfnames
 *(.debug_sfnames)

.debug_aranges  0x00000000      0x4a0
 *(.debug_aranges)
 .debug_aranges
                0x00000000       0xa8 ./system/src/stm32f1-stdperiph/stm32f10x_gpio.o
 .debug_aranges
                0x000000a8      0x118 ./system/src/stm32f1-stdperiph/stm32f10x_rcc.o
 .debug_aranges
                0x000001c0       0x28 ./system/src/newlib/_exit.o
 .debug_aranges
                0x000001e8       0x20 ./system/src/newlib/_sbrk.o
 .debug_aranges
                0x00000208       0x40 ./system/src/newlib/_startup.o
 .debug_aranges
                0x00000248       0x30 ./system/src/newlib/_syscalls.o
 .debug_aranges
                0x00000278       0x28 ./system/src/newlib/assert.o
 .debug_aranges
                0x000002a0       0x38 ./system/src/diag/Trace.o
 .debug_aranges
                0x000002d8       0x30 ./system/src/diag/trace_impl.o
 .debug_aranges
                0x00000308       0x28 ./system/src/cortexm/_initialize_hardware.o
 .debug_aranges
                0x00000330       0x90 ./system/src/cortexm/exception_handlers.o
 .debug_aranges
                0x000003c0       0x38 ./system/src/cmsis/system_stm32f10x.o
 .debug_aranges
                0x000003f8       0x20 ./system/src/cmsis/vectors_stm32f10x.o
 .debug_aranges
                0x00000418       0x20 ./src/Application/BlinkLed.o
 .debug_aranges
                0x00000438       0x28 ./src/Application/Timer.o
 .debug_aranges
                0x00000460       0x20 ./src/Application.o
 .debug_aranges
                0x00000480       0x20 ./src/main.o

.debug_pubnames
 *(.debug_pubnames)

.debug_info     0x00000000     0x498d
 *(.debug_info .gnu.linkonce.wi.*)
 .debug_info    0x00000000      0xbd4 ./system/src/stm32f1-stdperiph/stm32f10x_gpio.o
 .debug_info    0x00000bd4      0xc6b ./system/src/stm32f1-stdperiph/stm32f10x_rcc.o
 .debug_info    0x0000183f      0x100 ./system/src/newlib/_exit.o
 .debug_info    0x0000193f      0x125 ./system/src/newlib/_sbrk.o
 .debug_info    0x00001a64      0x474 ./system/src/newlib/_startup.o
 .debug_info    0x00001ed8      0x1bc ./system/src/newlib/_syscalls.o
 .debug_info    0x00002094      0x1b7 ./system/src/newlib/assert.o
 .debug_info    0x0000224b      0x32b ./system/src/diag/Trace.o
 .debug_info    0x00002576      0x304 ./system/src/diag/trace_impl.o
 .debug_info    0x0000287a      0x294 ./system/src/cortexm/_initialize_hardware.o
 .debug_info    0x00002b0e      0x8cd ./system/src/cortexm/exception_handlers.o
 .debug_info    0x000033db      0x474 ./system/src/cmsis/system_stm32f10x.o
 .debug_info    0x0000384f       0xd1 ./system/src/cmsis/vectors_stm32f10x.o
 .debug_info    0x00003920      0x37e ./src/Application/BlinkLed.o
 .debug_info    0x00003c9e      0x1a0 ./src/Application/Timer.o
 .debug_info    0x00003e3e      0x9a2 ./src/Application.o
 .debug_info    0x000047e0      0x1ad ./src/main.o

.debug_abbrev   0x00000000     0x1951
 *(.debug_abbrev)
 .debug_abbrev  0x00000000      0x1f9 ./system/src/stm32f1-stdperiph/stm32f10x_gpio.o
 .debug_abbrev  0x000001f9      0x1ff ./system/src/stm32f1-stdperiph/stm32f10x_rcc.o
 .debug_abbrev  0x000003f8       0xa4 ./system/src/newlib/_exit.o
 .debug_abbrev  0x0000049c       0xbb ./system/src/newlib/_sbrk.o
 .debug_abbrev  0x00000557      0x1e9 ./system/src/newlib/_startup.o
 .debug_abbrev  0x00000740       0xee ./system/src/newlib/_syscalls.o
 .debug_abbrev  0x0000082e       0xc9 ./system/src/newlib/assert.o
 .debug_abbrev  0x000008f7      0x178 ./system/src/diag/Trace.o
 .debug_abbrev  0x00000a6f      0x1bd ./system/src/diag/trace_impl.o
 .debug_abbrev  0x00000c2c       0xea ./system/src/cortexm/_initialize_hardware.o
 .debug_abbrev  0x00000d16      0x23e ./system/src/cortexm/exception_handlers.o
 .debug_abbrev  0x00000f54      0x157 ./system/src/cmsis/system_stm32f10x.o
 .debug_abbrev  0x000010ab       0x9d ./system/src/cmsis/vectors_stm32f10x.o
 .debug_abbrev  0x00001148      0x1e7 ./src/Application/BlinkLed.o
 .debug_abbrev  0x0000132f      0x181 ./src/Application/Timer.o
 .debug_abbrev  0x000014b0      0x367 ./src/Application.o
 .debug_abbrev  0x00001817      0x13a ./src/main.o

.debug_line     0x00000000     0x423d
 *(.debug_line)
 .debug_line    0x00000000      0x5d4 ./system/src/stm32f1-stdperiph/stm32f10x_gpio.o
 .debug_line    0x000005d4      0x6ff ./system/src/stm32f1-stdperiph/stm32f10x_rcc.o
 .debug_line    0x00000cd3      0x262 ./system/src/newlib/_exit.o
 .debug_line    0x00000f35      0x214 ./system/src/newlib/_sbrk.o
 .debug_line    0x00001149      0x2d2 ./system/src/newlib/_startup.o
 .debug_line    0x0000141b      0x303 ./system/src/newlib/_syscalls.o
 .debug_line    0x0000171e      0x29d ./system/src/newlib/assert.o
 .debug_line    0x000019bb      0x317 ./system/src/diag/Trace.o
 .debug_line    0x00001cd2      0x54c ./system/src/diag/trace_impl.o
 .debug_line    0x0000221e      0x35f ./system/src/cortexm/_initialize_hardware.o
 .debug_line    0x0000257d      0x644 ./system/src/cortexm/exception_handlers.o
 .debug_line    0x00002bc1      0x3b8 ./system/src/cmsis/system_stm32f10x.o
 .debug_line    0x00002f79       0xef ./system/src/cmsis/vectors_stm32f10x.o
 .debug_line    0x00003068      0x34a ./src/Application/BlinkLed.o
 .debug_line    0x000033b2      0x392 ./src/Application/Timer.o
 .debug_line    0x00003744      0x578 ./src/Application.o
 .debug_line    0x00003cbc      0x581 ./src/main.o

.debug_frame    0x00000000      0xcd0
 *(.debug_frame)
 .debug_frame   0x00000000      0x1e8 ./system/src/stm32f1-stdperiph/stm32f10x_gpio.o
 .debug_frame   0x000001e8      0x314 ./system/src/stm32f1-stdperiph/stm32f10x_rcc.o
 .debug_frame   0x000004fc       0x38 ./system/src/newlib/_exit.o
 .debug_frame   0x00000534       0x28 ./system/src/newlib/_sbrk.o
 .debug_frame   0x0000055c       0x7c ./system/src/newlib/_startup.o
 .debug_frame   0x000005d8       0x50 ./system/src/newlib/_syscalls.o
 .debug_frame   0x00000628       0x40 ./system/src/newlib/assert.o
 .debug_frame   0x00000668       0x80 ./system/src/diag/Trace.o
 .debug_frame   0x000006e8       0x5c ./system/src/diag/trace_impl.o
 .debug_frame   0x00000744       0x40 ./system/src/cortexm/_initialize_hardware.o
 .debug_frame   0x00000784      0x154 ./system/src/cortexm/exception_handlers.o
 .debug_frame   0x000008d8       0x64 ./system/src/cmsis/system_stm32f10x.o
 .debug_frame   0x0000093c       0x20 ./system/src/cmsis/vectors_stm32f10x.o
 .debug_frame   0x0000095c       0x2c ./src/Application/BlinkLed.o
 .debug_frame   0x00000988       0x30 ./src/Application/Timer.o
 .debug_frame   0x000009b8       0x2c ./src/Application.o
 .debug_frame   0x000009e4       0x28 ./src/main.o
 .debug_frame   0x00000a0c       0x20 c:/stm32toolchain/gnu-arm/4.8-2014q3/bin/../lib/gcc/arm-none-eabi/4.8.4/../../../../arm-none-eabi/lib/armv7-m\libg_s.a(lib_a-errno.o)
 .debug_frame   0x00000a2c       0x20 c:/stm32toolchain/gnu-arm/4.8-2014q3/bin/../lib/gcc/arm-none-eabi/4.8.4/../../../../arm-none-eabi/lib/armv7-m\libg_s.a(lib_a-strlen.o)
 .debug_frame   0x00000a4c       0x4c c:/stm32toolchain/gnu-arm/4.8-2014q3/bin/../lib/gcc/arm-none-eabi/4.8.4/../../../../arm-none-eabi/lib/armv7-m\libg_s.a(lib_a-vsnprintf.o)
 .debug_frame   0x00000a98       0x88 c:/stm32toolchain/gnu-arm/4.8-2014q3/bin/../lib/gcc/arm-none-eabi/4.8.4/../../../../arm-none-eabi/lib/armv7-m\libg_s.a(lib_a-svfprintf.o)
 .debug_frame   0x00000b20       0x60 c:/stm32toolchain/gnu-arm/4.8-2014q3/bin/../lib/gcc/arm-none-eabi/4.8.4/../../../../arm-none-eabi/lib/armv7-m\libg_s.a(lib_a-vfprintf_i.o)
 .debug_frame   0x00000b80       0x28 c:/stm32toolchain/gnu-arm/4.8-2014q3/bin/../lib/gcc/arm-none-eabi/4.8.4/../../../../arm-none-eabi/lib/armv7-m\libg_s.a(lib_a-memchr-stub.o)
 .debug_frame   0x00000ba8       0x28 c:/stm32toolchain/gnu-arm/4.8-2014q3/bin/../lib/gcc/arm-none-eabi/4.8.4/../../../../arm-none-eabi/lib/armv7-m\libg_s.a(lib_a-memcpy-stub.o)
 .debug_frame   0x00000bd0       0x2c c:/stm32toolchain/gnu-arm/4.8-2014q3/bin/../lib/gcc/arm-none-eabi/4.8.4/../../../../arm-none-eabi/lib/armv7-m\libg_s.a(lib_a-memmove.o)
 .debug_frame   0x00000bfc       0x2c c:/stm32toolchain/gnu-arm/4.8-2014q3/bin/../lib/gcc/arm-none-eabi/4.8.4/../../../../arm-none-eabi/lib/armv7-m\libg_s.a(lib_a-nano-freer.o)
 .debug_frame   0x00000c28       0x2c c:/stm32toolchain/gnu-arm/4.8-2014q3/bin/../lib/gcc/arm-none-eabi/4.8.4/../../../../arm-none-eabi/lib/armv7-m\libg_s.a(lib_a-nano-mallocr.o)
 .debug_frame   0x00000c54       0x30 c:/stm32toolchain/gnu-arm/4.8-2014q3/bin/../lib/gcc/arm-none-eabi/4.8.4/../../../../arm-none-eabi/lib/armv7-m\libg_s.a(lib_a-nano-reallocr.o)
 .debug_frame   0x00000c84       0x2c c:/stm32toolchain/gnu-arm/4.8-2014q3/bin/../lib/gcc/arm-none-eabi/4.8.4/../../../../arm-none-eabi/lib/armv7-m\libg_s.a(lib_a-sbrkr.o)
 .debug_frame   0x00000cb0       0x20 c:/stm32toolchain/gnu-arm/4.8-2014q3/bin/../lib/gcc/arm-none-eabi/4.8.4/../../../../arm-none-eabi/lib/armv7-m\libg_s.a(lib_a-nano-msizer.o)

.debug_str      0x00000000    0x553d3
 *(.debug_str)
 .debug_str     0x00000000    0x4e2bf ./system/src/stm32f1-stdperiph/stm32f10x_gpio.o
                              0x4e483 (size before relaxing)
 .debug_str     0x0004e2bf      0xb4a ./system/src/stm32f1-stdperiph/stm32f10x_rcc.o
                              0x4ea52 (size before relaxing)
 .debug_str     0x0004ee09     0x2989 ./system/src/newlib/_exit.o
                               0x4f0c (size before relaxing)
 .debug_str     0x00051792      0x4de ./system/src/newlib/_sbrk.o
                               0x44c2 (size before relaxing)
 .debug_str     0x00051c70      0x266 ./system/src/newlib/_startup.o
                               0x4098 (size before relaxing)
 .debug_str     0x00051ed6      0xc3a ./system/src/newlib/_syscalls.o
                               0x513e (size before relaxing)
 .debug_str     0x00052b10       0xd5 ./system/src/newlib/assert.o
                               0x5a11 (size before relaxing)
 .debug_str     0x00052be5     0x1782 ./system/src/diag/Trace.o
                               0x65f3 (size before relaxing)
 .debug_str     0x00054367      0x378 ./system/src/diag/trace_impl.o
                              0x4fedf (size before relaxing)
 .debug_str     0x000546df       0xa9 ./system/src/cortexm/_initialize_hardware.o
                              0x4df6d (size before relaxing)
 .debug_str     0x00054788      0x19d ./system/src/cortexm/exception_handlers.o
                              0x51b17 (size before relaxing)
 .debug_str     0x00054925       0xa6 ./system/src/cmsis/system_stm32f10x.o
                              0x4e017 (size before relaxing)
 .debug_str     0x000549cb       0x57 ./system/src/cmsis/vectors_stm32f10x.o
                               0x2fbc (size before relaxing)
 .debug_str     0x00054a22      0x473 ./src/Application/BlinkLed.o
                              0x4e235 (size before relaxing)
 .debug_str     0x00054e95       0xb0 ./src/Application/Timer.o
                              0x4e013 (size before relaxing)
 .debug_str     0x00054f45      0x472 ./src/Application.o
                              0x502e1 (size before relaxing)
 .debug_str     0x000553b7       0x1c ./src/main.o
                              0x511df (size before relaxing)

.debug_loc      0x00000000     0x1c9c
 *(.debug_loc)
 .debug_loc     0x00000000      0x7ac ./system/src/stm32f1-stdperiph/stm32f10x_gpio.o
 .debug_loc     0x000007ac      0x9c0 ./system/src/stm32f1-stdperiph/stm32f10x_rcc.o
 .debug_loc     0x0000116c       0x6b ./system/src/newlib/_sbrk.o
 .debug_loc     0x000011d7      0x265 ./system/src/newlib/_startup.o
 .debug_loc     0x0000143c       0x63 ./system/src/newlib/_syscalls.o
 .debug_loc     0x0000149f      0x102 ./system/src/newlib/assert.o
 .debug_loc     0x000015a1       0xf7 ./system/src/diag/Trace.o
 .debug_loc     0x00001698      0x17c ./system/src/diag/trace_impl.o
 .debug_loc     0x00001814      0x2a8 ./system/src/cortexm/exception_handlers.o
 .debug_loc     0x00001abc       0xe4 ./system/src/cmsis/system_stm32f10x.o
 .debug_loc     0x00001ba0       0x21 ./src/Application/BlinkLed.o
 .debug_loc     0x00001bc1       0x99 ./src/Application.o
 .debug_loc     0x00001c5a       0x42 ./src/main.o

.debug_macinfo
 *(.debug_macinfo)

.debug_weaknames
 *(.debug_weaknames)

.debug_funcnames
 *(.debug_funcnames)

.debug_typenames
 *(.debug_typenames)

.debug_varnames
 *(.debug_varnames)
OUTPUT(F103RB_ARM_Semihosting.elf elf32-littlearm)

.debug_ranges   0x00000000      0x3d8
 .debug_ranges  0x00000000       0x98 ./system/src/stm32f1-stdperiph/stm32f10x_gpio.o
 .debug_ranges  0x00000098      0x108 ./system/src/stm32f1-stdperiph/stm32f10x_rcc.o
 .debug_ranges  0x000001a0       0x18 ./system/src/newlib/_exit.o
 .debug_ranges  0x000001b8       0x10 ./system/src/newlib/_sbrk.o
 .debug_ranges  0x000001c8       0x48 ./system/src/newlib/_startup.o
 .debug_ranges  0x00000210       0x20 ./system/src/newlib/_syscalls.o
 .debug_ranges  0x00000230       0x18 ./system/src/newlib/assert.o
 .debug_ranges  0x00000248       0x28 ./system/src/diag/Trace.o
 .debug_ranges  0x00000270       0x38 ./system/src/diag/trace_impl.o
 .debug_ranges  0x000002a8       0x18 ./system/src/cortexm/_initialize_hardware.o
 .debug_ranges  0x000002c0       0x98 ./system/src/cortexm/exception_handlers.o
 .debug_ranges  0x00000358       0x28 ./system/src/cmsis/system_stm32f10x.o
 .debug_ranges  0x00000380       0x10 ./system/src/cmsis/vectors_stm32f10x.o
 .debug_ranges  0x00000390       0x10 ./src/Application/BlinkLed.o
 .debug_ranges  0x000003a0       0x18 ./src/Application/Timer.o
 .debug_ranges  0x000003b8       0x10 ./src/Application.o
 .debug_ranges  0x000003c8       0x10 ./src/main.o

.debug_macro    0x00000000     0x428c
 .debug_macro   0x00000000      0x1b9 ./system/src/stm32f1-stdperiph/stm32f10x_gpio.o
 .debug_macro   0x000001b9       0x8b ./system/src/stm32f1-stdperiph/stm32f10x_gpio.o
 .debug_macro   0x00000244      0x2a6 ./system/src/stm32f1-stdperiph/stm32f10x_gpio.o
 .debug_macro   0x000004ea      0x287 ./system/src/stm32f1-stdperiph/stm32f10x_rcc.o
 .debug_macro   0x00000771      0x3dc ./system/src/stm32f1-stdperiph/stm32f10x_rcc.o
 .debug_macro   0x00000b4d      0x11b ./system/src/newlib/_exit.o
 .debug_macro   0x00000c68       0xa3 ./system/src/newlib/_exit.o
 .debug_macro   0x00000d0b      0x10e ./system/src/newlib/_exit.o
 .debug_macro   0x00000e19       0x86 ./system/src/newlib/_exit.o
 .debug_macro   0x00000e9f       0x43 ./system/src/newlib/_exit.o
 .debug_macro   0x00000ee2       0x10 ./system/src/newlib/_exit.o
 .debug_macro   0x00000ef2       0x35 ./system/src/newlib/_exit.o
 .debug_macro   0x00000f27       0xd1 ./system/src/newlib/_sbrk.o
 .debug_macro   0x00000ff8       0x19 ./system/src/newlib/_sbrk.o
 .debug_macro   0x00001011      0x16d ./system/src/newlib/_sbrk.o
 .debug_macro   0x0000117e       0x10 ./system/src/newlib/_sbrk.o
 .debug_macro   0x0000118e      0x23b ./system/src/newlib/_sbrk.o
 .debug_macro   0x000013c9       0xdb ./system/src/newlib/_startup.o
 .debug_macro   0x000014a4      0x169 ./system/src/newlib/_syscalls.o
 .debug_macro   0x0000160d       0x1c ./system/src/newlib/_syscalls.o
 .debug_macro   0x00001629       0x10 ./system/src/newlib/_syscalls.o
 .debug_macro   0x00001639       0x10 ./system/src/newlib/_syscalls.o
 .debug_macro   0x00001649       0x10 ./system/src/newlib/_syscalls.o
 .debug_macro   0x00001659       0x35 ./system/src/newlib/_syscalls.o
 .debug_macro   0x0000168e      0x120 ./system/src/newlib/_syscalls.o
 .debug_macro   0x000017ae       0x22 ./system/src/newlib/_syscalls.o
 .debug_macro   0x000017d0       0x2b ./system/src/newlib/_syscalls.o
 .debug_macro   0x000017fb      0x118 ./system/src/newlib/_syscalls.o
 .debug_macro   0x00001913      0x13a ./system/src/newlib/_syscalls.o
 .debug_macro   0x00001a4d       0x16 ./system/src/newlib/_syscalls.o
 .debug_macro   0x00001a63      0x137 ./system/src/newlib/assert.o
 .debug_macro   0x00001b9a       0x1c ./system/src/newlib/assert.o
 .debug_macro   0x00001bb6      0x15a ./system/src/diag/Trace.o
 .debug_macro   0x00001d10       0x16 ./system/src/diag/Trace.o
 .debug_macro   0x00001d26       0x97 ./system/src/diag/Trace.o
 .debug_macro   0x00001dbd       0x10 ./system/src/diag/Trace.o
 .debug_macro   0x00001dcd       0xf6 ./system/src/diag/Trace.o
 .debug_macro   0x00001ec3       0x16 ./system/src/diag/Trace.o
 .debug_macro   0x00001ed9      0x16c ./system/src/diag/Trace.o
 .debug_macro   0x00002045       0x52 ./system/src/diag/Trace.o
 .debug_macro   0x00002097      0x283 ./system/src/diag/Trace.o
 .debug_macro   0x0000231a       0x10 ./system/src/diag/Trace.o
 .debug_macro   0x0000232a       0x1f ./system/src/diag/Trace.o
 .debug_macro   0x00002349      0x242 ./system/src/diag/trace_impl.o
 .debug_macro   0x0000258b       0x22 ./system/src/diag/trace_impl.o
 .debug_macro   0x000025ad      0x16b ./system/src/cortexm/_initialize_hardware.o
 .debug_macro   0x00002718      0x290 ./system/src/cortexm/exception_handlers.o
 .debug_macro   0x000029a8       0x3b ./system/src/cortexm/exception_handlers.o
 .debug_macro   0x000029e3      0x16e ./system/src/cmsis/system_stm32f10x.o
 .debug_macro   0x00002b51       0x34 ./system/src/cmsis/vectors_stm32f10x.o
 .debug_macro   0x00002b85      0x170 ./src/Application/BlinkLed.o
 .debug_macro   0x00002cf5      0xb8e ./src/Application/BlinkLed.o
 .debug_macro   0x00003883       0x28 ./src/Application/BlinkLed.o
 .debug_macro   0x000038ab      0x17e ./src/Application/Timer.o
 .debug_macro   0x00003a29       0x10 ./src/Application/Timer.o
 .debug_macro   0x00003a39      0x25c ./src/Application.o
 .debug_macro   0x00003c95      0x174 ./src/Application.o
 .debug_macro   0x00003e09      0x2c1 ./src/main.o
 .debug_macro   0x000040ca       0x97 ./src/main.o
 .debug_macro   0x00004161       0xfd ./src/main.o
 .debug_macro   0x0000425e       0x2e ./src/main.o
